home 123
about 123
search 456
home 123
home 156
home 122
home 134
search 35
search 46
profile 16
profile 12
profile 12
profile 12
